// Jest Snapshot v1, https://goo.gl/fbAQLP

exports[`reads \`@type\` comment in docblock 1`] = `
"PASS ./concat.test.ts
  âœ“ tsd typecheck
Test Suites: 1 passed, 1 total
Tests:       2 passed, 2 total
Snapshots:   0 total
Time:
Ran all test suites.
"
`;
