// Jest Snapshot v1, https://goo.gl/fbAQLP

exports[`works with failing test 1`] = `
"FAIL e2e/__fixtures__/failing/index.test.ts
  âœ“
e2e/__fixtures__/failing/index.test.ts:5:19 - error - Argument of type 'number' is not assignable to parameter of type 'string'.
Test Suites: 1 failed, 1 total
Tests:       1 failed, 1 passed, 2 total
Snapshots:   0 total
Time:
Ran all test suites.
"
`;
