// Jest Snapshot v1, https://goo.gl/fbAQLP

exports[`overrides "strict": true in tsconfig 1`] = `
"PASS e2e/__fixtures__/override-tsconfig/index.test.ts
  âœ“ tsd typecheck
Test Suites: 1 passed, 1 total
Tests:       1 passed, 1 total
Snapshots:   0 total
Time:
Ran all test suites.
"
`;
