// Jest Snapshot v1, https://goo.gl/fbAQLP

exports[`works with passing test 1`] = `
"PASS ./index.test.ts
  âœ“ tsd typecheck
Test Suites: 1 passed, 1 total
Tests:       1 passed, 1 total
Snapshots:   0 total
Time:
Ran all test suites.
"
`;
