// Jest Snapshot v1, https://goo.gl/fbAQLP

exports[`reads \`types\` property in package.json 1`] = `
"PASS e2e/__fixtures__/pkg-types/types.test.ts
  âœ“
Test Suites: 1 passed, 1 total
Tests:       2 passed, 2 total
Snapshots:   0 total
Time:
Ran all test suites.
"
`;
